◇ injected env (2) from .env // tip: ⌘ multiple files { path: ['.env.local', '.env'] }
🚀 Servidor ejecutándose en http://localhost:3000
PrismaClientInitializationError:
Invalid `prisma.product.findMany()` invocation in
/app/backend/src/controllers/productController.js:5:47

  2
  3 exports.getAllProducts = async (req, res) => {
  4     try {
→ 5         const products = await prisma.product.findMany(
Can't reach database server at `localhost:5432`

Please make sure your database server is running at `localhost:5432`.
    at ei.handleRequestError (/app/backend/node_modules/@prisma/client/runtime/library.js:121:7568)
    at ei.handleAndLogRequestError (/app/backend/node_modules/@prisma/client/runtime/library.js:121:6593)
    at ei.request (/app/backend/node_modules/@prisma/client/runtime/library.js:121:6300)
    at async a (/app/backend/node_modules/@prisma/client/runtime/library.js:130:9551)
    at async exports.getAllProducts (/app/backend/src/controllers/productController.js:5:26) {
  clientVersion: '6.19.3',
  errorCode: undefined,
  retryable: undefined
}
PrismaClientInitializationError:
Invalid `prisma.product.findMany()` invocation in
/app/backend/src/controllers/productController.js:5:47

  2
  3 exports.getAllProducts = async (req, res) => {
  4     try {
→ 5         const products = await prisma.product.findMany(
Can't reach database server at `localhost:5432`

Please make sure your database server is running at `localhost:5432`.
    at ei.handleRequestError (/app/backend/node_modules/@prisma/client/runtime/library.js:121:7568)
    at ei.handleAndLogRequestError (/app/backend/node_modules/@prisma/client/runtime/library.js:121:6593)
    at ei.request (/app/backend/node_modules/@prisma/client/runtime/library.js:121:6300)
    at async a (/app/backend/node_modules/@prisma/client/runtime/library.js:130:9551)
    at async exports.getAllProducts (/app/backend/src/controllers/productController.js:5:26) {
  clientVersion: '6.19.3',
  errorCode: undefined,
  retryable: undefined
}
PrismaClientInitializationError:
Invalid `prisma.product.findMany()` invocation in
/app/backend/src/controllers/productController.js:5:47

  2
  3 exports.getAllProducts = async (req, res) => {
  4     try {
→ 5         const products = await prisma.product.findMany(
Can't reach database server at `localhost:5432`

Please make sure your database server is running at `localhost:5432`.
    at ei.handleRequestError (/app/backend/node_modules/@prisma/client/runtime/library.js:121:7568)
    at ei.handleAndLogRequestError (/app/backend/node_modules/@prisma/client/runtime/library.js:121:6593)
    at ei.request (/app/backend/node_modules/@prisma/client/runtime/library.js:121:6300)
    at async a (/app/backend/node_modules/@prisma/client/runtime/library.js:130:9551)
    at async exports.getAllProducts (/app/backend/src/controllers/productController.js:5:26) {
  clientVersion: '6.19.3',
  errorCode: undefined,
  retryable: undefined
}
PrismaClientInitializationError:
Invalid `prisma.product.findMany()` invocation in
/app/backend/src/controllers/productController.js:5:47

  2
  3 exports.getAllProducts = async (req, res) => {
  4     try {
→ 5         const products = await prisma.product.findMany(
Can't reach database server at `localhost:5432`

Please make sure your database server is running at `localhost:5432`.
    at ei.handleRequestError (/app/backend/node_modules/@prisma/client/runtime/library.js:121:7568)
    at ei.handleAndLogRequestError (/app/backend/node_modules/@prisma/client/runtime/library.js:121:6593)
    at ei.request (/app/backend/node_modules/@prisma/client/runtime/library.js:121:6300)
    at async a (/app/backend/node_modules/@prisma/client/runtime/library.js:130:9551)
    at async exports.getAllProducts (/app/backend/src/controllers/productController.js:5:26) {
  clientVersion: '6.19.3',
  errorCode: undefined,
  retryable: undefined
}
