◇ injected env (2) from .env // tip: ⌘ enable debugging { debug: true }
🚀 Servidor ejecutándose en http://localhost:3000
PrismaClientInitializationError:
Invalid `prisma.user.findUnique()` invocation in
/app/backend/src/controllers/authController.js:10:48

   7 const { nombre, email, password, rol } = req.body;
   8
   9 // Verificar si el usuario ya existe
→ 10 const existingUser = await prisma.user.findUnique(
Can't reach database server at `localhost:5432`

Please make sure your database server is running at `localhost:5432`.
    at ei.handleRequestError (/app/backend/node_modules/@prisma/client/runtime/library.js:121:7568)
    at ei.handleAndLogRequestError (/app/backend/node_modules/@prisma/client/runtime/library.js:121:6593)
    at ei.request (/app/backend/node_modules/@prisma/client/runtime/library.js:121:6300)
    at async a (/app/backend/node_modules/@prisma/client/runtime/library.js:130:9551)
    at async exports.register (/app/backend/src/controllers/authController.js:10:30) {
  clientVersion: '6.19.3',
  errorCode: undefined,
  retryable: undefined
}
